%!Adobe-FontList 1.22
%Locale:0x409

%BeginFont
Handler:DirectoryHandler
FontType:TrueType
FontName:Caveat-Medium
FamilyName:Caveat
StyleName:Medium
FullName:Caveat Medium
MenuName:Caveat Medium
StyleBits:0
WritingScript:Roman
OutlineFileName:C:\Users\Andrey\Desktop\Путешествие по сказочным странам Folder\Document fonts\Caveat-Medium.ttf
DataFormat:sfntData
hasSVG:no
VariableFontType:NonVariableFont
FileLength:257752
FileModTime:1442955600
WeightClass:500
WidthClass:5
AngleClass:0
NameArray:0,Win,1,Caveat Medium
NameArray:0,Win,16,Caveat
%EndFont

%BeginFont
Handler:DirectoryHandler
FontType:TrueType
FontName:Caveat-SemiBold
FamilyName:Caveat
StyleName:SemiBold
FullName:Caveat SemiBold
MenuName:Caveat SemiBold
StyleBits:0
WritingScript:Roman
OutlineFileName:C:\Users\Andrey\Desktop\Путешествие по сказочным странам Folder\Document fonts\Caveat-SemiBold.ttf
DataFormat:sfntData
hasSVG:no
VariableFontType:NonVariableFont
FileLength:257836
FileModTime:1442955600
WeightClass:600
WidthClass:5
AngleClass:0
NameArray:0,Win,1,Caveat SemiBold
NameArray:0,Win,16,Caveat
%EndFont

%BeginFont
Handler:DirectoryHandler
FontType:Type1
FontName:MinionPro-Regular
FamilyName:Minion Pro
StyleName:Regular
FullName:Minion Pro
MenuName:Minion Pro
StyleBits:0
WritingScript:Roman
OutlineFileName:C:\Users\Andrey\Desktop\Путешествие по сказочным странам Folder\Document fonts\MinionPro-Regular.otf
DataFormat:sfntData
UsesStandardEncoding:yes
isCFF:yes
hasSVG:no
VariableFontType:NonVariableFont
FileLength:218640
FileModTime:1617095724
WeightClass:400
WidthClass:5
AngleClass:0
DesignSize:110
NameArray:0,Mac,4,Minion Pro
NameArray:0,Win,1,Minion Pro
%EndFont

%BeginFont
Handler:DirectoryHandler
FontType:TrueType
FontName:Neucha
FamilyName:Neucha
StyleName:Regular
FullName:Neucha
MenuName:Neucha
StyleBits:0
WritingScript:Roman
OutlineFileName:C:\Users\Andrey\Desktop\Путешествие по сказочным странам Folder\Document fonts\Neucha-Regular.ttf
DataFormat:sfntData
hasSVG:no
VariableFontType:NonVariableFont
FileLength:115128
FileModTime:1285016400
WeightClass:400
WidthClass:5
AngleClass:0
NameArray:0,Win,1,Neucha
%EndFont

%BeginFont
Handler:DirectoryHandler
FontType:TrueType
FontName:OpenSans-Regular
FamilyName:Open Sans
StyleName:Regular
FullName:Open Sans Regular
MenuName:Open Sans
StyleBits:0
WritingScript:Roman
OutlineFileName:C:\Users\Andrey\Desktop\Путешествие по сказочным странам Folder\Document fonts\OpenSans-Regular.ttf
DataFormat:sfntData
hasSVG:no
VariableFontType:NonVariableFont
FileLength:96932
FileModTime:1296597600
WeightClass:400
WidthClass:5
AngleClass:0
NameArray:0,Win,1,Open Sans
%EndFont

%BeginFont
Handler:DirectoryHandler
FontType:Type1
FontName:SourceSerifVariable-Italic
FamilyName:Source Serif Variable
StyleName:Italic
FullName:Source Serif Variable Italic
MenuName:Source Serif Variable
StyleBits:1
WritingScript:Roman
OutlineFileName:C:\Users\Andrey\Desktop\Путешествие по сказочным странам Folder\Document fonts\SourceSerifVariable-Italic.otf
DataFormat:sfntData
UsesStandardEncoding:yes
isCFF:yes
hasSVG:no
VariableFontType:CFF2VariableFont
FileLength:296396
FileModTime:1617095724
WeightClass:389
WidthClass:5
AngleClass:1
DesignSize:100
NameArray:0,Win,1,Source Serif Variable
%EndFont

%BeginFont
Handler:DirectoryHandler
FontType:Type1
FontName:SourceSerifVariable-Roman
FamilyName:Source Serif Variable
StyleName:Roman
FullName:Source Serif Variable Roman
MenuName:Source Serif Variable
StyleBits:0
WritingScript:Roman
OutlineFileName:C:\Users\Andrey\Desktop\Путешествие по сказочным странам Folder\Document fonts\SourceSerifVariable-Roman.otf
DataFormat:sfntData
UsesStandardEncoding:yes
isCFF:yes
hasSVG:no
VariableFontType:CFF2VariableFont
FileLength:458404
FileModTime:1617095724
WeightClass:389
WidthClass:5
AngleClass:0
DesignSize:100
NameArray:0,Win,1,Source Serif Variable
%EndFont

%BeginFont
Handler:DirectoryHandler
FontType:TrueType
FontName:Vollkorn-Italic
FamilyName:Vollkorn
StyleName:Italic
FullName:Vollkorn Italic
MenuName:Vollkorn
StyleBits:1
WritingScript:Roman
OutlineFileName:C:\Users\Andrey\Desktop\Путешествие по сказочным странам Folder\Document fonts\Vollkorn-Italic-VariableFont_wght.ttf
DataFormat:sfntData
hasSVG:no
VariableFontType:TrueTypeVariableFont
FileLength:414388
FileModTime:1622294074
WeightClass:400
WidthClass:5
AngleClass:1
NameArray:0,Win,1,Vollkorn
%EndFont

%BeginFont
Handler:DirectoryHandler
FontType:TrueType
FontName:Vollkorn-Regular
FamilyName:Vollkorn
StyleName:Regular
FullName:Vollkorn Regular
MenuName:Vollkorn
StyleBits:0
WritingScript:Roman
OutlineFileName:C:\Users\Andrey\Desktop\Путешествие по сказочным странам Folder\Document fonts\Vollkorn-VariableFont_wght.ttf
DataFormat:sfntData
hasSVG:no
VariableFontType:TrueTypeVariableFont
FileLength:541632
FileModTime:1622294074
WeightClass:400
WidthClass:5
AngleClass:0
NameArray:0,Win,1,Vollkorn
%EndFont

%BeginFont
Handler:DirectoryHandler
FontType:TrueType
FontName:SegoeUIEmoji
FamilyName:Segoe UI Emoji
StyleName:Regular
FullName:Segoe UI Emoji
MenuName:Segoe UI Emoji
StyleBits:0
WritingScript:Emoji
OutlineFileName:C:\Users\Andrey\Desktop\Путешествие по сказочным странам Folder\Document fonts\seguiemj.ttf
DataFormat:sfntData
hasSVG:no
VariableFontType:NonVariableFont
FileLength:2072388
FileModTime:1575713307
WeightClass:400
WidthClass:5
AngleClass:0
NameArray:0,Mac,4,Segoe UI Emoji
NameArray:0,Win,1,Segoe UI Emoji
%EndFont

